❌ NO OG:IMAGE: https://hashtagweb3.com/learn
⚠️ https://hashtagweb3.com/web3-certifications-and-career-growth - HTTP 429
⚠️ https://hashtagweb3.com/how-web3-could-change-the-future-of-online-shopping - HTTP 429
⚠️ https://hashtagweb3.com/web3-logistics - HTTP 429
⚠️ https://hashtagweb3.com/how-web3-is-changing-product-management - HTTP 429
⚠️ https://hashtagweb3.com/how-web3-is-changing-the-digital-economy - HTTP 429
⚠️ https://hashtagweb3.com/how-web3-is-helping-to-build-a-more-secure-internet - HTTP 429
⚠️ https://hashtagweb3.com/how-web3-is-shaping-the-future-of-the-music-industry - HTTP 429
⚠️ https://hashtagweb3.com/how-web3-will-change-the-future-of-digital-advertising - HTTP 429
⚠️ https://hashtagweb3.com/how-zkevm-brings-zero-knowledge-proofs-to-ethereum - HTTP 429
⚠️ https://hashtagweb3.com/initial-dex-offering-complete-guide - HTTP 429
⚠️ https://hashtagweb3.com/web3-gaming-guilds - HTTP 429
⚠️ https://hashtagweb3.com/is-a-career-in-web3-right-for-you - HTTP 429
⚠️ https://hashtagweb3.com/is-web3-dead - HTTP 429
⚠️ https://hashtagweb3.com/jack-dorsey-on-web3 - HTTP 429
⚠️ https://hashtagweb3.com/job-hopping-good-or-bad-for-career - HTTP 429
⚠️ https://hashtagweb3.com/jobs-ai-cannot-replace-in-future - HTTP 429
⚠️ https://hashtagweb3.com/key-strategies-to-succeed-in-web3-career-interviews - HTTP 429
⚠️ https://hashtagweb3.com/large-language-models-explained-simply - HTTP 429
⚠️ https://hashtagweb3.com/layer-1-vs-layer-2-blockchain-platforms-compared - HTTP 429
⚠️ https://hashtagweb3.com/managing-up-strategies-for-success - HTTP 429
⚠️ https://hashtagweb3.com/marc-andreessen-on-web3 - HTTP 429
⚠️ https://hashtagweb3.com/cross-functional-collaboration-tips - HTTP 429
⚠️ https://hashtagweb3.com/mastering-web3-essential-skills - HTTP 429
⚠️ https://hashtagweb3.com/merkle-airdrop-distribution-explained - HTTP 429
⚠️ https://hashtagweb3.com/multiple-job-offers-how-to-choose - HTTP 429
⚠️ https://hashtagweb3.com/argentina-web3-marketing-landscape - HTTP 429
⚠️ https://hashtagweb3.com/navigating-the-metaverse - HTTP 429
⚠️ https://hashtagweb3.com/ns - HTTP 429
⚠️ https://hashtagweb3.com/networking-strategies-for-introverts - HTTP 429
⚠️ https://hashtagweb3.com/neural-networks-complete-guide-for-newcomers - HTTP 429
⚠️ https://hashtagweb3.com/nft-jobs-explained - HTTP 429
⚠️ https://hashtagweb3.com/on-chain-identity-verification-explained - HTTP 429
⚠️ https://hashtagweb3.com/onboarding-non-technical-talent-in-web3 - HTTP 429
⚠️ https://hashtagweb3.com/opportunities-in-argentinas-web3-marketing-market - HTTP 429
⚠️ https://hashtagweb3.com/passive-liquidity-provision-complete-guide - HTTP 429
⚠️ https://hashtagweb3.com/performance-management-best-practices - HTTP 429
⚠️ https://hashtagweb3.com/phone-interview-best-practices-guide - HTTP 429
⚠️ https://hashtagweb3.com/polygon-blockchain-scaling-solutions-for-ethereum - HTTP 429
⚠️ https://hashtagweb3.com/a-fairer-way-to-make-collective-decisions - HTTP 429
⚠️ https://hashtagweb3.com/quantum-supremacy-explained-in-simple-terms - HTTP 429
⚠️ https://hashtagweb3.com/red-flags-to-watch-in-job-interviews - HTTP 429
⚠️ https://hashtagweb3.com/remote-work-in-web3 - HTTP 429
⚠️ https://hashtagweb3.com/remote-work-strategies-every-digital-nomad-should-know - HTTP 429
⚠️ https://hashtagweb3.com/remote-work-tools-powered-by-ai - HTTP 429
⚠️ https://hashtagweb3.com/sabbatical-leave-complete-planning-guide - HTTP 429
⚠️ https://hashtagweb3.com/salary-negotiation-mistakes-to-avoid - HTTP 429
⚠️ https://hashtagweb3.com/sandwich-attack-in-dex-explained - HTTP 429
⚠️ https://hashtagweb3.com/a-complete-guide-to-sbf-on-web3 - HTTP 429
⚠️ https://hashtagweb3.com/securing-your-crypto - HTTP 429
⚠️ https://hashtagweb3.com/security-token-offering-explained-for-investors - HTTP 429
⚠️ https://hashtagweb3.com/self-sovereign-identity-in-web3-explained - HTTP 429
⚠️ https://hashtagweb3.com/sidechains-vs-layer-2s - HTTP 429
⚠️ https://hashtagweb3.com/signs-you-should-quit-your-job - HTTP 429
⚠️ https://hashtagweb3.com/slack-communication-best-practices - HTTP 429
⚠️ https://hashtagweb3.com/smart-agents-in-ai - HTTP 429
⚠️ https://hashtagweb3.com/smart-contract-jobs - HTTP 429
⚠️ https://hashtagweb3.com/a-complete-guide-to-snoop-dogg-on-web3 - HTTP 429
⚠️ https://hashtagweb3.com/stakeholder-management-complete-guide - HTTP 429
⚠️ https://hashtagweb3.com/startup-vs-corporate-career-comparison - HTTP 429
⚠️ https://hashtagweb3.com/sui-blockchain-technology-and-developer-ecosystem - HTTP 429
⚠️ https://hashtagweb3.com/team-motivation-strategies-that-work - HTTP 429
⚠️ https://hashtagweb3.com/thank-you-email-templates-for-interviews - HTTP 429
⚠️ https://hashtagweb3.com/top-skills-employers-are-looking-for-in-web3-developers - HTTP 429
⚠️ https://hashtagweb3.com/partnership-strategy-for-web3-projects - HTTP 429
⚠️ https://hashtagweb3.com/questions-to-ask-hiring-manager - HTTP 429
⚠️ https://hashtagweb3.com/onboarding-checklist-for-new-hires - HTTP 429
⚠️ https://hashtagweb3.com/the-best-web3-job-boards-to-kickstart-your-crypto-career - HTTP 429
⚠️ https://hashtagweb3.com/best-web3-jobs-for-non-developers - HTTP 429
⚠️ https://hashtagweb3.com/career-development-plan-template-guide - HTTP 429
⚠️ https://hashtagweb3.com/the-convergence-of-ai-and-web3-careers - HTTP 429
⚠️ https://hashtagweb3.com/crypto-guide-for-digital-nomads - HTTP 429
⚠️ https://hashtagweb3.com/the-current-state-of-litecoin-development - HTTP 429
⚠️ https://hashtagweb3.com/ethereum-whitepaper-release-day - HTTP 429
⚠️ https://hashtagweb3.com/first-90-days-in-new-job-strategy - HTTP 429
⚠️ https://hashtagweb3.com/first-bitcoin-transaction-day - HTTP 429
⚠️ https://hashtagweb3.com/the-future-of-web3-cross-border-payment-systems-and-jobs - HTTP 429
⚠️ https://hashtagweb3.com/the-future-of-web3-in-digital-rights-and-copyright-protection-jobs - HTTP 429
⚠️ https://hashtagweb3.com/the-future-of-web3-insurance-and-risk-management-jobs - HTTP 429
⚠️ https://hashtagweb3.com/future-of-web3-key-trends - HTTP 429
⚠️ https://hashtagweb3.com/future-of-work-in-the-metaverse - HTTP 429
⚠️ https://hashtagweb3.com/future-of-work-in-web3 - HTTP 429
⚠️ https://hashtagweb3.com/challenges-in-agentic-ai-governance - HTTP 429
⚠️ https://hashtagweb3.com/highest-paying-web3-jobs - HTTP 429
⚠️ https://hashtagweb3.com/mid-career-crisis-survival-guide - HTTP 429
⚠️ https://hashtagweb3.com/most-demanding-programming-skill - HTTP 429
⚠️ https://hashtagweb3.com/most-in-demand-web3-careers - HTTP 429
⚠️ https://hashtagweb3.com/the-most-rewarding-web3-careers - HTTP 429
⚠️ https://hashtagweb3.com/on-chain-analyst-job - HTTP 429
⚠️ https://hashtagweb3.com/on-chain-resume - HTTP 429
⚠️ https://hashtagweb3.com/product-management-career-guide - HTTP 429
⚠️ https://hashtagweb3.com/scaling-regenerative-economies-in-web3 - HTTP 429
⚠️ https://hashtagweb3.com/remote-web3-team-playbook - HTTP 429
⚠️ https://hashtagweb3.com/the-rise-of-daos - HTTP 429
⚠️ https://hashtagweb3.com/the-rise-of-web3-in-south-korea - HTTP 429
⚠️ https://hashtagweb3.com/the-role-of-a-tokenomics-designer - HTTP 429
⚠️ https://hashtagweb3.com/the-role-of-a-web3-financial-product-manager - HTTP 429
⚠️ https://hashtagweb3.com/the-role-of-web3-business-development-professionals - HTTP 429
⚠️ https://hashtagweb3.com/the-role-of-web3-technical-writers-in-blockchain-projects - HTTP 429
⚠️ https://hashtagweb3.com/sales-career-progression-path - HTTP 429
⚠️ https://hashtagweb3.com/how-to-get-a-high-paying-job-in-web3-as-a-developer - HTTP 429
⚠️ https://hashtagweb3.com/the-slow-path-to-web3-mass-adoption - HTTP 429
⚠️ https://hashtagweb3.com/the-slowdown-in-developer-activity-a-critical-analysis - HTTP 429
⚠️ https://hashtagweb3.com/top-10-skills-for-a-web3-career - HTTP 429
⚠️ https://hashtagweb3.com/top-10-web3-jobs - HTTP 429
⚠️ https://hashtagweb3.com/best-programming-languages-for-blockchain-development - HTTP 429
⚠️ https://hashtagweb3.com/top-5-web3-languages - HTTP 429
⚠️ https://hashtagweb3.com/the-web3-go-to-market-handbook - HTTP 429
⚠️ https://hashtagweb3.com/web3-go-to-market-playbook - HTTP 429
⚠️ https://hashtagweb3.com/hiring-strategy - HTTP 429
⚠️ https://hashtagweb3.com/web3-product-manager-roadmap - HTTP 429
⚠️ https://hashtagweb3.com/web3-product-manager-jobs - HTTP 429
⚠️ https://hashtagweb3.com/how-to-recruit-in-web3 - HTTP 429
⚠️ https://hashtagweb3.com/web3-social-graph-explained - HTTP 429
⚠️ https://hashtagweb3.com/top-10-web3-developer-skills - HTTP 429
⚠️ https://hashtagweb3.com/web3-trends-2025 - HTTP 429
⚠️ https://hashtagweb3.com/finding-the-best-web3-job-boards - HTTP 429
⚠️ https://hashtagweb3.com/two-weeks-notice-letter-templates - HTTP 429
⚠️ https://hashtagweb3.com/understanding-airdrop-campaigns-in-web3 - HTTP 429
⚠️ https://hashtagweb3.com/understanding-annual-percentage-yield-in-crypto - HTTP 429
⚠️ https://hashtagweb3.com/understanding-biotechnology-innovations - HTTP 429
⚠️ https://hashtagweb3.com/understanding-block-time-in-different-blockchains - HTTP 429
⚠️ https://hashtagweb3.com/understanding-cloud-computing-basics-2025 - HTTP 429
⚠️ https://hashtagweb3.com/understanding-computer-vision-in-ai-systems - HTTP 429
⚠️ https://hashtagweb3.com/understanding-concentrated-liquidity-in-uniswap - HTTP 429
⚠️ https://hashtagweb3.com/understanding-edge-ai-technology - HTTP 429
⚠️ https://hashtagweb3.com/understanding-ens-domains-in-ethereum - HTTP 429
⚠️ https://hashtagweb3.com/understanding-gas-fees-and-optimization-in-ethereum - HTTP 429
⚠️ https://hashtagweb3.com/understanding-hardware-wallets-for-crypto-security - HTTP 429
⚠️ https://hashtagweb3.com/understanding-litecoin-development-trends - HTTP 429
⚠️ https://hashtagweb3.com/understanding-network-state - HTTP 429
⚠️ https://hashtagweb3.com/understanding-slashing-in-proof-of-stake-networks - HTTP 429
⚠️ https://hashtagweb3.com/understanding-smart-home-devices-and-iot - HTTP 429
⚠️ https://hashtagweb3.com/understanding-constant-product-formula - HTTP 429
⚠️ https://hashtagweb3.com/understanding-the-40-decline-in-blockchain-builder-activity - HTTP 429
⚠️ https://hashtagweb3.com/understanding-the-line-between-marketing-and-manipulation - HTTP 429
⚠️ https://hashtagweb3.com/understanding-litecoin-developer-slowdown - HTTP 429
⚠️ https://hashtagweb3.com/understanding-the-solana-blockchain - HTTP 429
⚠️ https://hashtagweb3.com/understanding-tokenomics-and-supply-models - HTTP 429
⚠️ https://hashtagweb3.com/understanding-transaction-hashing-in-blockchain - HTTP 429
⚠️ https://hashtagweb3.com/understanding-uncle-blocks-in-ethereum - HTTP 429
⚠️ https://hashtagweb3.com/understanding-verifiable-credentials-in-blockchain - HTTP 429
⚠️ https://hashtagweb3.com/understanding-web3-company-culture - HTTP 429
⚠️ https://hashtagweb3.com/understanding-web3-consensus-mechanism-architects - HTTP 429
⚠️ https://hashtagweb3.com/understanding-web3-developer-career-paths - HTTP 429
⚠️ https://hashtagweb3.com/understanding-web3-job-salaries-and-negotiation - HTTP 429
⚠️ https://hashtagweb3.com/understanding-zero-trust-security-model - HTTP 429
⚠️ https://hashtagweb3.com/ux-design-career-transition-guide - HTTP 429
⚠️ https://hashtagweb3.com/what-is-the-connection-between-web3-and-digital-currencies - HTTP 429
⚠️ https://hashtagweb3.com/web3-in-real-estate-tokenization - HTTP 429
⚠️ https://hashtagweb3.com/business-development-bd-strategy-for-web3-projects - HTTP 429
⚠️ https://hashtagweb3.com/web3-business-development-career-guide - HTTP 429
⚠️ https://hashtagweb3.com/web3-career-legitimacy - HTTP 429
⚠️ https://hashtagweb3.com/web3-jobs-and-regulatory-unknown - HTTP 429
⚠️ https://hashtagweb3.com/web3-careers-explained - HTTP 429
⚠️ https://hashtagweb3.com/how-to-get-into-web3-cryptocurrency-taxation-and-accounting - HTTP 429
⚠️ https://hashtagweb3.com/web3-customer-support-careers - HTTP 429
⚠️ https://hashtagweb3.com/web3-interview-questions - HTTP 429
⚠️ https://hashtagweb3.com/web3-jobs-for-beginners - HTTP 429
⚠️ https://hashtagweb3.com/web3-jobs-in-abidjan - HTTP 429
⚠️ https://hashtagweb3.com/web3-jobs-in-accra - HTTP 429
⚠️ https://hashtagweb3.com/web3-jobs-in-addis-ababa - HTTP 429
⚠️ https://hashtagweb3.com/web3-jobs-in-ahmedabad - HTTP 429
⚠️ https://hashtagweb3.com/web3-jobs-in-algiers - HTTP 429
⚠️ https://hashtagweb3.com/web3-jobs-in-argentina - HTTP 429
⚠️ https://hashtagweb3.com/web3-jobs-in-atlanta - HTTP 429
⚠️ https://hashtagweb3.com/web3-jobs-in-austin - HTTP 429
⚠️ https://hashtagweb3.com/web3-jobs-in-australia - HTTP 429
⚠️ https://hashtagweb3.com/web3-jobs-in-boston - HTTP 429
⚠️ https://hashtagweb3.com/web3-jobs-in-cairo - HTTP 429
⚠️ https://hashtagweb3.com/web3-jobs-in-canada - HTTP 429
⚠️ https://hashtagweb3.com/web3-jobs-in-cape-town - HTTP 429
⚠️ https://hashtagweb3.com/web3-jobs-in-casablanca - HTTP 429
⚠️ https://hashtagweb3.com/web3-jobs-in-chennai - HTTP 429
⚠️ https://hashtagweb3.com/web3-jobs-in-chicago - HTTP 429
⚠️ https://hashtagweb3.com/web3-jobs-in-dakar - HTTP 429
⚠️ https://hashtagweb3.com/web3-jobs-in-dar-es-salaam - HTTP 429
⚠️ https://hashtagweb3.com/web3-jobs-in-delhi-ncr - HTTP 429
⚠️ https://hashtagweb3.com/web3-jobs-in-djibouti - HTTP 429
⚠️ https://hashtagweb3.com/web3-jobs-in-france - HTTP 429
⚠️ https://hashtagweb3.com/web3-jobs-in-freetown - HTTP 429
⚠️ https://hashtagweb3.com/web3-jobs-in-gaborone - HTTP 429
⚠️ https://hashtagweb3.com/web3-jobs-in-harare - HTTP 429
⚠️ https://hashtagweb3.com/web3-jobs-in-hong-kong - HTTP 429
⚠️ https://hashtagweb3.com/web3-jobs-in-hyderabad - HTTP 429
⚠️ https://hashtagweb3.com/web3-jobs-in-india - HTTP 429
⚠️ https://hashtagweb3.com/web3-jobs-in-indonesia - HTTP 429
⚠️ https://hashtagweb3.com/web3-jobs-in-jaipur - HTTP 429
⚠️ https://hashtagweb3.com/web3-jobs-in-japan - HTTP 429
⚠️ https://hashtagweb3.com/web3-jobs-in-kolkata - HTTP 429
⚠️ https://hashtagweb3.com/web3-jobs-in-lagos - HTTP 429
⚠️ https://hashtagweb3.com/web3-jobs-in-libreville - HTTP 429
⚠️ https://hashtagweb3.com/web3-jobs-in-lilongwe - HTTP 429
⚠️ https://hashtagweb3.com/web3-jobs-in-lome - HTTP 429
⚠️ https://hashtagweb3.com/web3-jobs-in-los-angeles - HTTP 429
⚠️ https://hashtagweb3.com/web3-jobs-in-luanda - HTTP 429
⚠️ https://hashtagweb3.com/web3-jobs-in-lusaka - HTTP 429
⚠️ https://hashtagweb3.com/web3-jobs-in-maputo - HTTP 429
⚠️ https://hashtagweb3.com/web3-jobs-in-miami - HTTP 429
⚠️ https://hashtagweb3.com/web3-jobs-in-monrovia - HTTP 429
⚠️ https://hashtagweb3.com/web3-jobs-in-nairobi - HTTP 429
⚠️ https://hashtagweb3.com/web3-jobs-in-new-york - HTTP 429
⚠️ https://hashtagweb3.com/web3-jobs-in-port-louis - HTTP 429
⚠️ https://hashtagweb3.com/web3-jobs-in-pretoria - HTTP 429
⚠️ https://hashtagweb3.com/web3-jobs-in-rabat - HTTP 429
⚠️ https://hashtagweb3.com/web3-jobs-in-san-francisco - HTTP 429
⚠️ https://hashtagweb3.com/web3-jobs-in-seattle - HTTP 429
⚠️ https://hashtagweb3.com/web3-jobs-in-singapore - HTTP 429
⚠️ https://hashtagweb3.com/web3-jobs-in-usa - HTTP 429
⚠️ https://hashtagweb3.com/web3-jobs-in-tripoli - HTTP 429
⚠️ https://hashtagweb3.com/web3-jobs-in-tunis - HTTP 429
⚠️ https://hashtagweb3.com/web3-jobs-in-vietnam - HTTP 429
⚠️ https://hashtagweb3.com/web3-jobs-in-windhoek - HTTP 429
⚠️ https://hashtagweb3.com/legal-careers-in-web3 - HTTP 429
⚠️ https://hashtagweb3.com/web3-marketing-jobs - HTTP 429
⚠️ https://hashtagweb3.com/marketing-strategy - HTTP 429
⚠️ https://hashtagweb3.com/web3-marketing - HTTP 429
⚠️ https://hashtagweb3.com/web3-product-design-careers-for-blockchain-based-apps - HTTP 429
⚠️ https://hashtagweb3.com/web3-real-estate - HTTP 429
⚠️ https://hashtagweb3.com/web3-security-best-practices - HTTP 429
⚠️ https://hashtagweb3.com/web3-supply-chain-experts-navigating-blockchain-solutions - HTTP 429
⚠️ https://hashtagweb3.com/web3-ux-design - HTTP 429
⚠️ https://hashtagweb3.com/web3-market-maturation - HTTP 429
⚠️ https://hashtagweb3.com/navigating-web3-jobs-and-careers - HTTP 429
⚠️ https://hashtagweb3.com/what-are-crypto-faucets-and-how-to-use-them - HTTP 429
⚠️ https://hashtagweb3.com/what-are-nfts-and-why-are-they-important-for-web3 - HTTP 429
⚠️ https://hashtagweb3.com/what-are-nfts - HTTP 429
⚠️ https://hashtagweb3.com/what-are-oracles - HTTP 429
⚠️ https://hashtagweb3.com/what-are-smart-contracts - HTTP 429
⚠️ https://hashtagweb3.com/demystifying-web3-coding-languages - HTTP 429
⚠️ https://hashtagweb3.com/a-complete-guide-to-chris-dixon-on-web3 - HTTP 429
⚠️ https://hashtagweb3.com/a-complete-guide-to-mark-zuckerberg-on-web3 - HTTP 429
⚠️ https://hashtagweb3.com/a-complete-guide-to-tim-draper-on-web3 - HTTP 429
⚠️ https://hashtagweb3.com/what-is-apeing-in-crypto-explained - HTTP 429
⚠️ https://hashtagweb3.com/what-is-3d-printing-technology - HTTP 429
⚠️ https://hashtagweb3.com/what-is-5g-network-technology - HTTP 429
⚠️ https://hashtagweb3.com/what-is-a-degen-in-web3 - HTTP 429
⚠️ https://hashtagweb3.com/what-is-a-51-percent-attack-in-blockchain - HTTP 429
⚠️ https://hashtagweb3.com/what-is-a-balancer-weighted-pool - HTTP 429
⚠️ https://hashtagweb3.com/what-is-a-blockchain-fork-choice-rule - HTTP 429
⚠️ https://hashtagweb3.com/what-is-a-blockchain - HTTP 429
⚠️ https://hashtagweb3.com/what-is-a-bonding-curve-in-token-economics - HTTP 429
⚠️ https://hashtagweb3.com/what-is-a-cryptocurrency-exchange-and-how-it-works - HTTP 429
⚠️ https://hashtagweb3.com/what-is-a-custodial-vs-non-custodial-wallet - HTTP 429
⚠️ https://hashtagweb3.com/what-is-a-dao-treasury - HTTP 429
⚠️ https://hashtagweb3.com/what-is-a-dao - HTTP 429
⚠️ https://hashtagweb3.com/what-is-a-decentralized-identifier - HTTP 429
⚠️ https://hashtagweb3.com/what-is-a-layer-3-in-blockchain - HTTP 429
⚠️ https://hashtagweb3.com/what-is-a-liquidity-bootstrapping-pool - HTTP 429
⚠️ https://hashtagweb3.com/what-is-a-liquidity-provider-token - HTTP 429
⚠️ https://hashtagweb3.com/what-is-a-nonce-in-blockchain-mining - HTTP 429
⚠️ https://hashtagweb3.com/what-is-a-paper-wallet-for-cryptocurrency - HTTP 429
⚠️ https://hashtagweb3.com/what-is-a-smart-contract-audit - HTTP 429
⚠️ https://hashtagweb3.com/what-is-a-snapshot-in-cryptocurrency-airdrops - HTTP 429
⚠️ https://hashtagweb3.com/what-is-a-token-swap-in-cryptocurrency - HTTP 429
⚠️ https://hashtagweb3.com/what-is-a-web3-devrel-engineer - HTTP 429
⚠️ https://hashtagweb3.com/what-is-a-web3-governance-lead - HTTP 429
⚠️ https://hashtagweb3.com/what-is-a-web3-qa-engineer - HTTP 429
⚠️ https://hashtagweb3.com/what-is-a-whitepaper-in-blockchain-projects - HTTP 429
⚠️ https://hashtagweb3.com/what-is-an-initial-coin-offering - HTTP 429
⚠️ https://hashtagweb3.com/what-is-arbitrum-one - HTTP 429
⚠️ https://hashtagweb3.com/what-is-artificial-intelligence-and-how-it-works - HTTP 429
⚠️ https://hashtagweb3.com/what-is-augmented-reality-technology - HTTP 429
⚠️ https://hashtagweb3.com/what-is-biometric-authentication-technology - HTTP 429
⚠️ https://hashtagweb3.com/what-is-defi - HTTP 429
⚠️ https://hashtagweb3.com/what-is-edge-computing-technology - HTTP 429
⚠️ https://hashtagweb3.com/what-is-energy-storage-technology - HTTP 429
⚠️ https://hashtagweb3.com/what-is-ethereum - HTTP 429
⚠️ https://hashtagweb3.com/what-is-federated-learning-in-ai - HTTP 429
⚠️ https://hashtagweb3.com/what-is-frontrunning-in-defi-trading - HTTP 429
⚠️ https://hashtagweb3.com/what-is-gene-editing-technology - HTTP 429
⚠️ https://hashtagweb3.com/what-is-generative-ai-and-its-applications - HTTP 429
⚠️ https://hashtagweb3.com/what-is-gm-in-web3 - HTTP 429
⚠️ https://hashtagweb3.com/what-is-hodl-in-crypto - HTTP 429
⚠️ https://hashtagweb3.com/what-is-internet-of-things-technology - HTTP 429
⚠️ https://hashtagweb3.com/what-is-just-in-time-liquidity - HTTP 429
⚠️ https://hashtagweb3.com/what-is-mev - HTTP 429
⚠️ https://hashtagweb3.com/what-is-natural-language-processing-technology - HTTP 429
⚠️ https://hashtagweb3.com/what-is-neuromorphic-computing - HTTP 429
⚠️ https://hashtagweb3.com/what-is-quantum-computing-for-beginners - HTTP 429
⚠️ https://hashtagweb3.com/what-is-renewable-energy-technology - HTTP 429
⚠️ https://hashtagweb3.com/deconstructing-crypto-shilling - HTTP 429
⚠️ https://hashtagweb3.com/what-is-shilling-in-crypto - HTTP 429
⚠️ https://hashtagweb3.com/what-is-socialfi - HTTP 429
⚠️ https://hashtagweb3.com/what-is-the-role-of-smart-contracts-in-web3 - HTTP 429
⚠️ https://hashtagweb3.com/what-is-total-value-locked-in-defi - HTTP 429
⚠️ https://hashtagweb3.com/what-is-unstoppable-domains-service - HTTP 429
⚠️ https://hashtagweb3.com/what-is-voice-recognition-technology - HTTP 429
⚠️ https://hashtagweb3.com/what-is-web3-and-how-will-it-change-the-internet - HTTP 429
⚠️ https://hashtagweb3.com/what-is-web3 - HTTP 429
⚠️ https://hashtagweb3.com/what-is-yield-farming - HTTP 429
⚠️ https://hashtagweb3.com/what-makes-crypto-a-key-part-of-web3 - HTTP 429
⚠️ https://hashtagweb3.com/what-makes-web3-different-from-web2 - HTTP 429
⚠️ https://hashtagweb3.com/what-role-does-blockchain-play-in-web3 - HTTP 429
⚠️ https://hashtagweb3.com/what-web3-means-for-the-future-of-digital-communities - HTTP 429
⚠️ https://hashtagweb3.com/what-web3-skills-will-matter-in-2026 - HTTP 429
⚠️ https://hashtagweb3.com/what-you-need-to-know-about-web3-and-decentralized-apps - HTTP 429
⚠️ https://hashtagweb3.com/when-to-update-your-resume - HTTP 429
⚠️ https://hashtagweb3.com/why-now-is-the-best-time-to-jobseek-in-crypto - HTTP 429
⚠️ https://hashtagweb3.com/why-web3-is-important-for-the-future-of-finance - HTTP 429
⚠️ https://hashtagweb3.com/work-from-home-jobs-that-pay-well - HTTP 429
⚠️ https://hashtagweb3.com/writing-upgradable-smart-contracts-proxies-explained - HTTP 429
⚠️ https://hashtagweb3.com/zero-knowledge-proofs-explained - HTTP 429
⚠️ https://hashtagweb3.com/companies/coinbase - HTTP 429
⚠️ https://hashtagweb3.com/companies/wave-mobile-money - HTTP 429
⚠️ https://hashtagweb3.com/companies/citadel-securities - HTTP 429
⚠️ https://hashtagweb3.com/companies/moonpay - HTTP 429
⚠️ https://hashtagweb3.com/companies/complyadvantage - HTTP 429
⚠️ https://hashtagweb3.com/companies/world - HTTP 429
⚠️ https://hashtagweb3.com/companies/luno - HTTP 429
⚠️ https://hashtagweb3.com/companies/zipline - HTTP 429
⚠️ https://hashtagweb3.com/companies/alchemy - HTTP 429
⚠️ https://hashtagweb3.com/companies/valr - HTTP 429
⚠️ https://hashtagweb3.com/companies/blackbird-labs - HTTP 429
⚠️ https://hashtagweb3.com/companies/safe - HTTP 429
⚠️ https://hashtagweb3.com/companies/flow-traders - HTTP 429
⚠️ https://hashtagweb3.com/companies/talos - HTTP 429
⚠️ https://hashtagweb3.com/companies/paxos - HTTP 429
⚠️ https://hashtagweb3.com/companies/trust-wallet - HTTP 429
⚠️ https://hashtagweb3.com/companies/certora - HTTP 429
⚠️ https://hashtagweb3.com/companies/socket - HTTP 429
⚠️ https://hashtagweb3.com/companies/1inch - HTTP 429
⚠️ https://hashtagweb3.com/companies/monad-foundation - HTTP 429
⚠️ https://hashtagweb3.com/companies/pixion-games - HTTP 429
⚠️ https://hashtagweb3.com/companies/infstones - HTTP 429
⚠️ https://hashtagweb3.com/companies/nascent - HTTP 429
⚠️ https://hashtagweb3.com/companies/sky-mavis - HTTP 429
⚠️ https://hashtagweb3.com/companies/consensys - HTTP 429
⚠️ https://hashtagweb3.com/companies/hedera - HTTP 429
⚠️ https://hashtagweb3.com/companies/bastion - HTTP 429
⚠️ https://hashtagweb3.com/companies/wintermute - HTTP 429
⚠️ https://hashtagweb3.com/companies/veem - HTTP 429
⚠️ https://hashtagweb3.com/companies/taxbit - HTTP 429
⚠️ https://hashtagweb3.com/companies/kast - HTTP 429
⚠️ https://hashtagweb3.com/companies/shakepay - HTTP 429
⚠️ https://hashtagweb3.com/companies/stellar - HTTP 429
⚠️ https://hashtagweb3.com/companies/astar-foundation - HTTP 429
⚠️ https://hashtagweb3.com/companies/sphere - HTTP 429
⚠️ https://hashtagweb3.com/companies/gate-io - HTTP 429
⚠️ https://hashtagweb3.com/companies/spruce - HTTP 429
⚠️ https://hashtagweb3.com/companies/animoca-brands - HTTP 429
⚠️ https://hashtagweb3.com/companies/sei - HTTP 429
⚠️ https://hashtagweb3.com/companies/range - HTTP 429
⚠️ https://hashtagweb3.com/companies/bitnomial - HTTP 429
⚠️ https://hashtagweb3.com/companies/render-foundation - HTTP 429
❌ WRONG CANONICAL: https://hashtagweb3.com/companies/orca (got: https://hashtagweb3.com)
⚠️ https://hashtagweb3.com/companies/delphi-digital - HTTP 429
⚠️ https://hashtagweb3.com/companies/cointracker - HTTP 429
❌ WRONG CANONICAL: https://hashtagweb3.com/companies/eigen-labs (got: https://hashtagweb3.com)
⚠️ https://hashtagweb3.com/companies/jito-foundation - HTTP 429
⚠️ https://hashtagweb3.com/companies/ramp-network - HTTP 429
❌ WRONG CANONICAL: https://hashtagweb3.com/companies/eigenlayer (got: https://hashtagweb3.com)
❌ WRONG CANONICAL: https://hashtagweb3.com/companies/lido (got: https://hashtagweb3.com)
❌ WRONG CANONICAL: https://hashtagweb3.com/companies/starkware (got: https://hashtagweb3.com)
⚠️ https://hashtagweb3.com/companies/sec3 - HTTP 429
⚠️ https://hashtagweb3.com/companies/grayscale - HTTP 429
⚠️ https://hashtagweb3.com/companies/magic-eden - HTTP 429
⚠️ https://hashtagweb3.com/companies/dydx - HTTP 429
⚠️ https://hashtagweb3.com/companies/uma - HTTP 429
⚠️ https://hashtagweb3.com/companies/noise - HTTP 429
⚠️ https://hashtagweb3.com/companies/quicknode - HTTP 429
⚠️ https://hashtagweb3.com/companies/trojan-trading - HTTP 429
❌ WRONG CANONICAL: https://hashtagweb3.com/companies/button (got: https://hashtagweb3.com)
❌ WRONG CANONICAL: https://hashtagweb3.com/companies/permian-labs (got: https://hashtagweb3.com)
❌ WRONG CANONICAL: https://hashtagweb3.com/companies/open (got: https://hashtagweb3.com)
❌ WRONG CANONICAL: https://hashtagweb3.com/companies/morph (got: https://hashtagweb3.com)
⚠️ https://hashtagweb3.com/companies/solana-foundation - HTTP 429
⚠️ https://hashtagweb3.com/companies/relay-link - HTTP 429
⚠️ https://hashtagweb3.com/companies/spindl - HTTP 429
❌ WRONG CANONICAL: https://hashtagweb3.com/companies/antimetal (got: https://hashtagweb3.com)
❌ WRONG CANONICAL: https://hashtagweb3.com/companies/tempo (got: https://hashtagweb3.com)
❌ WRONG CANONICAL: https://hashtagweb3.com/companies/walrus-foundation (got: https://hashtagweb3.com)
❌ WRONG CANONICAL: https://hashtagweb3.com/companies/veda (got: https://hashtagweb3.com)
⚠️ https://hashtagweb3.com/companies/parity-technologies - HTTP 429
❌ WRONG CANONICAL: https://hashtagweb3.com/companies/pantera-capital (got: https://hashtagweb3.com)
⚠️ https://hashtagweb3.com/code-review-checklists-for-defi-developer - HTTP 429
⚠️ https://hashtagweb3.com/dapp-launch-checklists-for-web3-frontend-developer - HTTP 429
⚠️ https://hashtagweb3.com/launch-checklists-for-defi-developer - HTTP 429
⚠️ https://hashtagweb3.com/security-checklists-for-solana-developer - HTTP 429
⚠️ https://hashtagweb3.com/security-checklists-for-web3-product-manager - HTTP 429
⚠️ https://hashtagweb3.com/security-checklists-for-zk-engineer - HTTP 429
⚠️ https://hashtagweb3.com/portfolio-project-ideas-for-blockchain-engineer - HTTP 429
⚠️ https://hashtagweb3.com/portfolio-project-ideas-for-solidity-developer - HTTP 429
⚠️ https://hashtagweb3.com/portfolio-project-ideas-for-tokenomics-designer - HTTP 429
⚠️ https://hashtagweb3.com/portfolio-project-ideas-for-web3-community-manager - HTTP 429
⚠️ https://hashtagweb3.com/security-mistakes-for-defi-developer - HTTP 429
⚠️ https://hashtagweb3.com/security-mistakes-for-gamefi-developer - HTTP 429
⚠️ https://hashtagweb3.com/security-mistakes-for-smart-contract-auditor - HTTP 429
⚠️ https://hashtagweb3.com/security-mistakes-for-solana-developer - HTTP 429
⚠️ https://hashtagweb3.com/security-mistakes-for-solidity-developer - HTTP 429
⚠️ https://hashtagweb3.com/development-tools-for-web3-frontend-developer - HTTP 429
⚠️ https://hashtagweb3.com/learn/smart-contracts - HTTP 429
⚠️ https://hashtagweb3.com/learn/fundamentals/history - HTTP 429
⚠️ https://hashtagweb3.com/learn/fundamentals/transactions - HTTP 429
⚠️ https://hashtagweb3.com/learn/fundamentals/tokens - HTTP 429
⚠️ https://hashtagweb3.com/learn/fundamentals/defi - HTTP 429
⚠️ https://hashtagweb3.com/learn/careers/job-market - HTTP 429
⚠️ https://hashtagweb3.com/learn/careers/roles - HTTP 429
⚠️ https://hashtagweb3.com/learn/careers/interviews - HTTP 429
⚠️ https://hashtagweb3.com/learn/careers/freelancing - HTTP 429
⚠️ https://hashtagweb3.com/learn/marketing/community - HTTP 429
⚠️ https://hashtagweb3.com/learn/security/exploits - HTTP 429
⚠️ https://hashtagweb3.com/learn/security/foundry - HTTP 429