Starting Web3 Events Aggregator...

[Luma] Scanning 45 cities...
  Batch 1: 957 unique
  Batch 2: 1664 unique
  Batch 3: 2053 unique
  Batch 4: 2053 unique
  Batch 5: 2053 unique
  Batch 6: 2053 unique
  Batch 7: 2053 unique
  Batch 8: 2053 unique
  Batch 9: 2053 unique

[Luma] Scraping 250 community hosts...
[Luma] Total: 2175

[Eventbrite] Scraping 12 keywords × 45 regions...
  "web3" done (total: 2982)
  "crypto" done (total: 3306)
  "blockchain" done (total: 3473)
  "ethereum" done (total: 3756)
  "bitcoin" done (total: 3842)
  "defi" done (total: 4078)
  "nft" done (total: 4236)
  "solana" done (total: 4750)
  "dao" done (total: 5135)
  "rwa" done (total: 5296)
  "decentralized" done (total: 5622)
  "token" done (total: 5780)
[Eventbrite] +3605 events

[Meetup] Scraping 9 keywords × 15 cities...
[Meetup] +66 events

[ConferenceIndex] Scraping blockchain conferences...
  Page 1: 500 events (total: 5885)
  Page 2: 500 events (total: 5898)
  Page 3: 423 events (total: 5900)
[ConferenceIndex] +54 events

[ETHGlobal] Fetching upcoming events...
[ETHGlobal] +75 events

[DeepTechTimes] Fetching curated Web3 events...
[DeepTechTimes] +14 events

[CoinMarketCap] Fetching token events...
[CoinMarketCap] +20 events

[MarketAcross] Fetching curated crypto events...
[MarketAcross] +189 events

[web3meetups.xyz] Fetching India Web3 events...
[web3meetups.xyz] +13 events

[ethereum.org] Fetching community events...
[ethereum.org] +72 events

[Google Cloud Web3] Fetching Google-sponsored events...
[Google Cloud Web3] +25 events

6308 raw → 665 Web3-relevant upcoming events.
Saved to /Users/vedang/web3jobs/Web3-Jobs/content/events-cache.json
